2016-10-19 09:50:59,252 WARN main GUI - NO ICON FOR: group=options name=HTTP_PROXY
2016-10-19 09:51:04,292 WARN main GUI - NO ICON FOR: group=buttons name=import
2016-10-19 09:51:16,089 WARN main GUI - NO ICON FOR: group=options name=CODE_ENGINEERING
2016-10-19 09:51:16,782 WARN main GUI - NO ICON FOR: group=options name=REPORT_WIZARD_OPTIONS_GROUP
2016-10-19 09:51:21,727 ERROR main PLUGINS - Can not start plugin CPU Memory Profiler
java.lang.NullPointerException
	at java.io.File.<init>(File.java:277)
	at com.nomagic.magicdraw.onsiteprofiler.OnSiteProfilerPlugin.init(OnSiteProfilerPlugin.java:36)
	at com.nomagic.magicdraw.plugins.d.a(d.java:689)
	at com.nomagic.magicdraw.plugins.d.b(d.java:536)
	at com.nomagic.magicdraw.plugins.d.z(d.java:466)
	at com.nomagic.magicdraw.core.g.t(g.java:45)
	at com.nomagic.rcpf.product.i.a(i.java:268)
	at com.nomagic.rcpf.product.p.b(p.java:91)
	at com.nomagic.rcpf.product.p.a(p.java:75)
	at com.nomagic.magicdraw.core.Application.internalStart(Application.java:685)
	at com.nomagic.magicdraw.tests.common.TestEnvironment.startMagicDrawUML(TestEnvironment.java:120)
	at com.nomagic.magicdraw.tests.MDTestRunnerUtils.startMagicDraw(MDTestRunnerUtils.java:21)
	at com.nomagic.magicdraw.tests.MagicDrawTestRunner.<init>(MagicDrawTestRunner.java:21)
	at sun.reflect.NativeConstructorAccessorImpl.newInstance0(Native Method)
	at sun.reflect.NativeConstructorAccessorImpl.newInstance(NativeConstructorAccessorImpl.java:62)
	at sun.reflect.DelegatingConstructorAccessorImpl.newInstance(DelegatingConstructorAccessorImpl.java:45)
	at java.lang.reflect.Constructor.newInstance(Constructor.java:423)
	at org.junit.internal.builders.AnnotatedBuilder.buildRunner(AnnotatedBuilder.java:29)
	at org.junit.internal.builders.AnnotatedBuilder.runnerForClass(AnnotatedBuilder.java:21)
	at org.junit.runners.model.RunnerBuilder.safeRunnerForClass(RunnerBuilder.java:59)
	at org.junit.internal.builders.AllDefaultPossibilitiesBuilder.runnerForClass(AllDefaultPossibilitiesBuilder.java:26)
	at org.junit.runners.model.RunnerBuilder.safeRunnerForClass(RunnerBuilder.java:59)
	at org.junit.internal.requests.ClassRequest.getRunner(ClassRequest.java:26)
	at com.intellij.junit4.JUnit4IdeaTestRunner.startRunnerWithArgs(JUnit4IdeaTestRunner.java:96)
	at com.intellij.junit4.JUnit4IdeaTestRunner.startRunnerWithArgs(JUnit4IdeaTestRunner.java:42)
	at com.intellij.rt.execution.junit.JUnitStarter.prepareStreamsAndStart(JUnitStarter.java:262)
	at com.intellij.rt.execution.junit.JUnitStarter.main(JUnitStarter.java:84)
	at sun.reflect.NativeMethodAccessorImpl.invoke0(Native Method)
	at sun.reflect.NativeMethodAccessorImpl.invoke(NativeMethodAccessorImpl.java:62)
	at sun.reflect.DelegatingMethodAccessorImpl.invoke(DelegatingMethodAccessorImpl.java:43)
	at java.lang.reflect.Method.invoke(Method.java:498)
	at com.intellij.rt.execution.application.AppMain.main(AppMain.java:147)
	at sun.reflect.NativeMethodAccessorImpl.invoke0(Native Method)
	at sun.reflect.NativeMethodAccessorImpl.invoke(NativeMethodAccessorImpl.java:62)
	at sun.reflect.DelegatingMethodAccessorImpl.invoke(DelegatingMethodAccessorImpl.java:43)
	at java.lang.reflect.Method.invoke(Method.java:498)
	at com.nomagic.magicdraw.MainMethodLauncher.launch(MainMethodLauncher.java:26)
	at com.nomagic.magicdraw.ApplicationGateway.start(ApplicationGateway.java:46)
	at org.eclipse.equinox.internal.app.EclipseAppHandle.run(EclipseAppHandle.java:196)
	at org.eclipse.core.runtime.internal.adaptor.EclipseAppLauncher.runApplication(EclipseAppLauncher.java:134)
	at org.eclipse.core.runtime.internal.adaptor.EclipseAppLauncher.start(EclipseAppLauncher.java:104)
	at org.eclipse.core.runtime.adaptor.EclipseStarter.run(EclipseStarter.java:380)
	at com.nomagic.osgi.launcher.FrameworkLauncher$DefaultApplication.run(FrameworkLauncher.java:226)
	at com.nomagic.osgi.launcher.FrameworkLauncher.runFrameworkApplication(FrameworkLauncher.java:176)
	at com.nomagic.osgi.launcher.FrameworkLauncher.run(FrameworkLauncher.java:113)
	at com.nomagic.osgi.launcher.FrameworkLauncher.run(FrameworkLauncher.java:92)
	at com.nomagic.osgi.launcher.ProductionFrameworkLauncher.run(ProductionFrameworkLauncher.java:70)
	at com.nomagic.osgi.launcher.ProductionFrameworkLauncher.main(ProductionFrameworkLauncher.java:57)
	at sun.reflect.NativeMethodAccessorImpl.invoke0(Native Method)
	at sun.reflect.NativeMethodAccessorImpl.invoke(NativeMethodAccessorImpl.java:62)
	at sun.reflect.DelegatingMethodAccessorImpl.invoke(DelegatingMethodAccessorImpl.java:43)
	at java.lang.reflect.Method.invoke(Method.java:498)
	at com.nomagic.magicdraw.intellij.launcher.JUnitLauncher.invokeMainMethod(JUnitLauncher.java:233)
	at com.nomagic.magicdraw.intellij.launcher.JUnitLauncher.launchFramework(JUnitLauncher.java:226)
	at com.nomagic.magicdraw.intellij.launcher.JUnitLauncher.launch(JUnitLauncher.java:104)
	at com.nomagic.magicdraw.intellij.launcher.JUnitLauncher.main(JUnitLauncher.java:91)
2016-10-19 09:51:29,345 WARN main GUI - NO ICON FOR: group=options name=Excel_Import_Configuration_GROUP_ID
2016-10-19 09:51:29,528 WARN main GUI - NO ICON FOR: group=options name=options.mdk
2016-10-19 09:51:30,433 WARN main GUI - NO ICON FOR: group=options name=options.automaton
2016-10-19 09:51:31,116 WARN main GUI - NO ICON FOR: group=options name=options.mbr
2016-10-19 09:51:34,603 WARN main ParaMagic-G - ReaderMode is set from false to true
2016-10-19 09:51:34,603 WARN main ParaMagic-P - ParaMagic plugin license has expired. Contact your administrator or No Magic to renew your license.
2016-10-19 09:51:35,692 WARN main GUI - NO ICON FOR: group=options name=CAMEO_COLLABORATOR_ID
2016-10-19 09:51:35,726 WARN main GUI - NO ICON FOR: group=options name=options.document_modeling
2016-10-19 09:51:35,896 WARN main GUI - NO ICON FOR: group=options name=emf.uml2.v4.options.group.id
2016-10-19 09:51:36,041 WARN main GUI - NO ICON FOR: group=options name=emf.uml2.v5.options.group.id
2016-10-19 09:51:36,098 WARN main GUI - NO ICON FOR: group=options name=emf.uml2.v2.options.group.id
2016-10-19 09:51:36,318 WARN main GUI - NO ICON FOR: group=options name=emf.uml2.v3.options.group.id
2016-10-19 09:53:31,132 WARN AWT-EventQueue-0 GUI - NO ICON FOR: group=options name=HTTP_PROXY
2016-10-19 09:53:31,182 ERROR AWT-EventQueue-0 GENERAL - 
java.lang.NullPointerException
	at com.nomagic.runtime.Bridge.isGUIVisible(Bridge.java:69)
	at com.nomagic.ui.BaseProgressMonitor.executeTaskWithProgressMonitor(BaseProgressMonitor.java:849)
	at com.nomagic.magicdraw.ui.ProgressMonitor.showProgress(ProgressMonitor.java:108)
	at com.nomagic.magicdraw.ui.ProgressMonitor.showProgress(ProgressMonitor.java:97)
	at com.nomagic.magicdraw.ui.ProgressMonitor.showProgress(ProgressMonitor.java:92)
	at com.nomagic.magicdraw.teamwork2.TeamworkService$1.accept(TeamworkService.java:142)
	at com.nomagic.magicdraw.teamwork2.TeamworkService$1.accept(TeamworkService.java:136)
	at com.nomagic.magicdraw.teamwork2.TeamworkService.loginOnTask(TeamworkService.java:155)
	at com.nomagic.magicdraw.teamwork2.TeamworkService.loginOnTask(TeamworkService.java:135)
	at com.nomagic.magicdraw.teamwork2.TeamworkService.login(TeamworkService.java:125)
	at com.nomagic.magicdraw.teamwork2.TeamworkService.login(TeamworkService.java:177)
	at gov.nasa.jpl.mbee.mdk.test.MagicDrawTests.twcLogin(MagicDrawTests.java:646)
	at gov.nasa.jpl.mbee.mdk.test.MagicDrawTests.twcs_Login(MagicDrawTests.java:861)
	at sun.reflect.NativeMethodAccessorImpl.invoke0(Native Method)
	at sun.reflect.NativeMethodAccessorImpl.invoke(NativeMethodAccessorImpl.java:62)
	at sun.reflect.DelegatingMethodAccessorImpl.invoke(DelegatingMethodAccessorImpl.java:43)
	at java.lang.reflect.Method.invoke(Method.java:498)
	at junit.framework.TestCase.runTest(TestCase.java:176)
	at com.nomagic.magicdraw.tests.NamedTestCase.runTest(NamedTestCase.java:72)
	at com.nomagic.magicdraw.tests.MagicDrawTestCase.doRunTest(MagicDrawTestCase.java:681)
	at com.nomagic.magicdraw.tests.MagicDrawTestCase.doRunAndCheckFailure(MagicDrawTestCase.java:664)
	at com.nomagic.magicdraw.tests.MagicDrawTestCase.access$100(MagicDrawTestCase.java:40)
	at com.nomagic.magicdraw.tests.MagicDrawTestCase$3.run(MagicDrawTestCase.java:640)
	at java.awt.event.InvocationEvent.dispatch(InvocationEvent.java:301)
	at java.awt.EventQueue.dispatchEventImpl(EventQueue.java:756)
	at java.awt.EventQueue.access$500(EventQueue.java:97)
	at java.awt.EventQueue$3.run(EventQueue.java:709)
	at java.awt.EventQueue$3.run(EventQueue.java:703)
	at java.security.AccessController.doPrivileged(Native Method)
	at java.security.ProtectionDomain$JavaSecurityAccessImpl.doIntersectionPrivilege(ProtectionDomain.java:76)
	at java.awt.EventQueue.dispatchEvent(EventQueue.java:726)
	at java.awt.EventDispatchThread.pumpOneEventForFilters(EventDispatchThread.java:201)
	at java.awt.EventDispatchThread.pumpEventsForFilter(EventDispatchThread.java:116)
	at java.awt.EventDispatchThread.pumpEventsForHierarchy(EventDispatchThread.java:105)
	at java.awt.EventDispatchThread.pumpEvents(EventDispatchThread.java:101)
	at java.awt.EventDispatchThread.pumpEvents(EventDispatchThread.java:93)
	at java.awt.EventDispatchThread.run(EventDispatchThread.java:82)
2016-10-19 09:53:32,239 INFO AWT-EventQueue-0 TEST - Loading project: /jpltestmodels/_blank.mdzip
2016-10-19 09:53:32,328 ERROR AWT-EventQueue-0 GENERAL - 
java.lang.NullPointerException
	at com.nomagic.runtime.Bridge.isGUIVisible(Bridge.java:69)
	at com.nomagic.ui.BaseProgressMonitor.executeTaskWithProgressMonitor(BaseProgressMonitor.java:849)
	at com.nomagic.magicdraw.ui.ProgressMonitor.showProgress(ProgressMonitor.java:108)
	at com.nomagic.magicdraw.ui.ProgressMonitor.showProgress(ProgressMonitor.java:97)
	at com.nomagic.magicdraw.ui.ProgressMonitor.showProgress(ProgressMonitor.java:92)
	at com.nomagic.magicdraw.teamwork2.TeamworkService$1.accept(TeamworkService.java:142)
	at com.nomagic.magicdraw.teamwork2.TeamworkService$1.accept(TeamworkService.java:136)
	at com.nomagic.magicdraw.teamwork2.TeamworkService.loginOnTask(TeamworkService.java:155)
	at com.nomagic.magicdraw.teamwork2.TeamworkService.loginOnTask(TeamworkService.java:135)
	at com.nomagic.magicdraw.teamwork2.TeamworkService.login(TeamworkService.java:125)
	at com.nomagic.magicdraw.teamwork2.TeamworkService.login(TeamworkService.java:177)
	at gov.nasa.jpl.mbee.mdk.test.MagicDrawTests.twcLogin(MagicDrawTests.java:646)
	at gov.nasa.jpl.mbee.mdk.test.MagicDrawTests.twcOpenProjectHelper(MagicDrawTests.java:694)
	at gov.nasa.jpl.mbee.mdk.test.MagicDrawTests.twcOpenProject(MagicDrawTests.java:682)
	at gov.nasa.jpl.mbee.mdk.test.MagicDrawTests.twcs_OpenProjectTest(MagicDrawTests.java:888)
	at sun.reflect.NativeMethodAccessorImpl.invoke0(Native Method)
	at sun.reflect.NativeMethodAccessorImpl.invoke(NativeMethodAccessorImpl.java:62)
	at sun.reflect.DelegatingMethodAccessorImpl.invoke(DelegatingMethodAccessorImpl.java:43)
	at java.lang.reflect.Method.invoke(Method.java:498)
	at junit.framework.TestCase.runTest(TestCase.java:176)
	at com.nomagic.magicdraw.tests.NamedTestCase.runTest(NamedTestCase.java:72)
	at com.nomagic.magicdraw.tests.MagicDrawTestCase.doRunTest(MagicDrawTestCase.java:681)
	at com.nomagic.magicdraw.tests.MagicDrawTestCase.doRunAndCheckFailure(MagicDrawTestCase.java:664)
	at com.nomagic.magicdraw.tests.MagicDrawTestCase.access$100(MagicDrawTestCase.java:40)
	at com.nomagic.magicdraw.tests.MagicDrawTestCase$3.run(MagicDrawTestCase.java:640)
	at java.awt.event.InvocationEvent.dispatch(InvocationEvent.java:301)
	at java.awt.EventQueue.dispatchEventImpl(EventQueue.java:756)
	at java.awt.EventQueue.access$500(EventQueue.java:97)
	at java.awt.EventQueue$3.run(EventQueue.java:709)
	at java.awt.EventQueue$3.run(EventQueue.java:703)
	at java.security.AccessController.doPrivileged(Native Method)
	at java.security.ProtectionDomain$JavaSecurityAccessImpl.doIntersectionPrivilege(ProtectionDomain.java:76)
	at java.awt.EventQueue.dispatchEvent(EventQueue.java:726)
	at java.awt.EventDispatchThread.pumpOneEventForFilters(EventDispatchThread.java:201)
	at java.awt.EventDispatchThread.pumpEventsForFilter(EventDispatchThread.java:116)
	at java.awt.EventDispatchThread.pumpEventsForHierarchy(EventDispatchThread.java:105)
	at java.awt.EventDispatchThread.pumpEvents(EventDispatchThread.java:101)
	at java.awt.EventDispatchThread.pumpEvents(EventDispatchThread.java:93)
	at java.awt.EventDispatchThread.run(EventDispatchThread.java:82)
2016-10-19 09:53:33,340 ERROR AWT-EventQueue-0 GENERAL - 
java.lang.NullPointerException
	at com.nomagic.runtime.Bridge.isGUIVisible(Bridge.java:69)
	at com.nomagic.ui.BaseProgressMonitor.executeTaskWithProgressMonitor(BaseProgressMonitor.java:849)
	at com.nomagic.magicdraw.ui.ProgressMonitor.showProgress(ProgressMonitor.java:108)
	at com.nomagic.magicdraw.ui.ProgressMonitor.showProgress(ProgressMonitor.java:97)
	at com.nomagic.magicdraw.ui.ProgressMonitor.showProgress(ProgressMonitor.java:92)
	at com.nomagic.magicdraw.teamwork2.TeamworkService$1.accept(TeamworkService.java:142)
	at com.nomagic.magicdraw.teamwork2.TeamworkService$1.accept(TeamworkService.java:136)
	at com.nomagic.magicdraw.teamwork2.TeamworkService.loginOnTask(TeamworkService.java:155)
	at com.nomagic.magicdraw.teamwork2.TeamworkService.loginOnTask(TeamworkService.java:135)
	at com.nomagic.magicdraw.teamwork2.TeamworkService.login(TeamworkService.java:125)
	at com.nomagic.magicdraw.teamwork2.TeamworkService.login(TeamworkService.java:177)
	at gov.nasa.jpl.mbee.mdk.test.MagicDrawTests.twcLogin(MagicDrawTests.java:646)
	at gov.nasa.jpl.mbee.mdk.test.MagicDrawTests.twcOpenProjectHelper(MagicDrawTests.java:694)
	at gov.nasa.jpl.mbee.mdk.test.MagicDrawTests.twcOpenProject(MagicDrawTests.java:682)
	at gov.nasa.jpl.mbee.mdk.test.MagicDrawTests.twcs_AddDeleteElementsTest1(MagicDrawTests.java:908)
	at sun.reflect.NativeMethodAccessorImpl.invoke0(Native Method)
	at sun.reflect.NativeMethodAccessorImpl.invoke(NativeMethodAccessorImpl.java:62)
	at sun.reflect.DelegatingMethodAccessorImpl.invoke(DelegatingMethodAccessorImpl.java:43)
	at java.lang.reflect.Method.invoke(Method.java:498)
	at junit.framework.TestCase.runTest(TestCase.java:176)
	at com.nomagic.magicdraw.tests.NamedTestCase.runTest(NamedTestCase.java:72)
	at com.nomagic.magicdraw.tests.MagicDrawTestCase.doRunTest(MagicDrawTestCase.java:681)
	at com.nomagic.magicdraw.tests.MagicDrawTestCase.doRunAndCheckFailure(MagicDrawTestCase.java:664)
	at com.nomagic.magicdraw.tests.MagicDrawTestCase.access$100(MagicDrawTestCase.java:40)
	at com.nomagic.magicdraw.tests.MagicDrawTestCase$3.run(MagicDrawTestCase.java:640)
	at java.awt.event.InvocationEvent.dispatch(InvocationEvent.java:301)
	at java.awt.EventQueue.dispatchEventImpl(EventQueue.java:756)
	at java.awt.EventQueue.access$500(EventQueue.java:97)
	at java.awt.EventQueue$3.run(EventQueue.java:709)
	at java.awt.EventQueue$3.run(EventQueue.java:703)
	at java.security.AccessController.doPrivileged(Native Method)
	at java.security.ProtectionDomain$JavaSecurityAccessImpl.doIntersectionPrivilege(ProtectionDomain.java:76)
	at java.awt.EventQueue.dispatchEvent(EventQueue.java:726)
	at java.awt.EventDispatchThread.pumpOneEventForFilters(EventDispatchThread.java:201)
	at java.awt.EventDispatchThread.pumpEventsForFilter(EventDispatchThread.java:116)
	at java.awt.EventDispatchThread.pumpEventsForHierarchy(EventDispatchThread.java:105)
	at java.awt.EventDispatchThread.pumpEvents(EventDispatchThread.java:101)
	at java.awt.EventDispatchThread.pumpEvents(EventDispatchThread.java:93)
	at java.awt.EventDispatchThread.run(EventDispatchThread.java:82)
2016-10-19 09:53:33,348 ERROR AWT-EventQueue-0 GENERAL - 
java.lang.NullPointerException
	at com.nomagic.runtime.Bridge.isGUIVisible(Bridge.java:69)
	at com.nomagic.ui.BaseProgressMonitor.executeTaskWithProgressMonitor(BaseProgressMonitor.java:849)
	at com.nomagic.magicdraw.ui.ProgressMonitor.showProgress(ProgressMonitor.java:108)
	at com.nomagic.magicdraw.ui.ProgressMonitor.showProgress(ProgressMonitor.java:97)
	at com.nomagic.magicdraw.ui.ProgressMonitor.showProgress(ProgressMonitor.java:92)
	at com.nomagic.magicdraw.teamwork2.TeamworkService$1.accept(TeamworkService.java:142)
	at com.nomagic.magicdraw.teamwork2.TeamworkService$1.accept(TeamworkService.java:136)
	at com.nomagic.magicdraw.teamwork2.TeamworkService.loginOnTask(TeamworkService.java:155)
	at com.nomagic.magicdraw.teamwork2.TeamworkService.loginOnTask(TeamworkService.java:135)
	at com.nomagic.magicdraw.teamwork2.TeamworkService.login(TeamworkService.java:125)
	at com.nomagic.magicdraw.teamwork2.TeamworkService.login(TeamworkService.java:177)
	at gov.nasa.jpl.mbee.mdk.test.MagicDrawTests.twcLogin(MagicDrawTests.java:646)
	at gov.nasa.jpl.mbee.mdk.test.MagicDrawTests.twcOpenProjectHelper(MagicDrawTests.java:694)
	at gov.nasa.jpl.mbee.mdk.test.MagicDrawTests.twcOpenProject(MagicDrawTests.java:682)
	at gov.nasa.jpl.mbee.mdk.test.MagicDrawTests.twcs_AddDeleteElementsTest2(MagicDrawTests.java:931)
	at sun.reflect.NativeMethodAccessorImpl.invoke0(Native Method)
	at sun.reflect.NativeMethodAccessorImpl.invoke(NativeMethodAccessorImpl.java:62)
	at sun.reflect.DelegatingMethodAccessorImpl.invoke(DelegatingMethodAccessorImpl.java:43)
	at java.lang.reflect.Method.invoke(Method.java:498)
	at junit.framework.TestCase.runTest(TestCase.java:176)
	at com.nomagic.magicdraw.tests.NamedTestCase.runTest(NamedTestCase.java:72)
	at com.nomagic.magicdraw.tests.MagicDrawTestCase.doRunTest(MagicDrawTestCase.java:681)
	at com.nomagic.magicdraw.tests.MagicDrawTestCase.doRunAndCheckFailure(MagicDrawTestCase.java:664)
	at com.nomagic.magicdraw.tests.MagicDrawTestCase.access$100(MagicDrawTestCase.java:40)
	at com.nomagic.magicdraw.tests.MagicDrawTestCase$3.run(MagicDrawTestCase.java:640)
	at java.awt.event.InvocationEvent.dispatch(InvocationEvent.java:301)
	at java.awt.EventQueue.dispatchEventImpl(EventQueue.java:756)
	at java.awt.EventQueue.access$500(EventQueue.java:97)
	at java.awt.EventQueue$3.run(EventQueue.java:709)
	at java.awt.EventQueue$3.run(EventQueue.java:703)
	at java.security.AccessController.doPrivileged(Native Method)
	at java.security.ProtectionDomain$JavaSecurityAccessImpl.doIntersectionPrivilege(ProtectionDomain.java:76)
	at java.awt.EventQueue.dispatchEvent(EventQueue.java:726)
	at java.awt.EventDispatchThread.pumpOneEventForFilters(EventDispatchThread.java:201)
	at java.awt.EventDispatchThread.pumpEventsForFilter(EventDispatchThread.java:116)
	at java.awt.EventDispatchThread.pumpEventsForHierarchy(EventDispatchThread.java:105)
	at java.awt.EventDispatchThread.pumpEvents(EventDispatchThread.java:101)
	at java.awt.EventDispatchThread.pumpEvents(EventDispatchThread.java:93)
	at java.awt.EventDispatchThread.run(EventDispatchThread.java:82)
2016-10-19 09:53:33,356 ERROR AWT-EventQueue-0 GENERAL - 
java.lang.NullPointerException
	at com.nomagic.runtime.Bridge.isGUIVisible(Bridge.java:69)
	at com.nomagic.ui.BaseProgressMonitor.executeTaskWithProgressMonitor(BaseProgressMonitor.java:849)
	at com.nomagic.magicdraw.ui.ProgressMonitor.showProgress(ProgressMonitor.java:108)
	at com.nomagic.magicdraw.ui.ProgressMonitor.showProgress(ProgressMonitor.java:97)
	at com.nomagic.magicdraw.ui.ProgressMonitor.showProgress(ProgressMonitor.java:92)
	at com.nomagic.magicdraw.teamwork2.TeamworkService$1.accept(TeamworkService.java:142)
	at com.nomagic.magicdraw.teamwork2.TeamworkService$1.accept(TeamworkService.java:136)
	at com.nomagic.magicdraw.teamwork2.TeamworkService.loginOnTask(TeamworkService.java:155)
	at com.nomagic.magicdraw.teamwork2.TeamworkService.loginOnTask(TeamworkService.java:135)
	at com.nomagic.magicdraw.teamwork2.TeamworkService.login(TeamworkService.java:125)
	at com.nomagic.magicdraw.teamwork2.TeamworkService.login(TeamworkService.java:177)
	at gov.nasa.jpl.mbee.mdk.test.MagicDrawTests.twcLogin(MagicDrawTests.java:646)
	at gov.nasa.jpl.mbee.mdk.test.MagicDrawTests.twcOpenProjectHelper(MagicDrawTests.java:694)
	at gov.nasa.jpl.mbee.mdk.test.MagicDrawTests.twcOpenProject(MagicDrawTests.java:682)
	at gov.nasa.jpl.mbee.mdk.test.MagicDrawTests.twcs_AddDeleteElementsTest3(MagicDrawTests.java:954)
	at sun.reflect.NativeMethodAccessorImpl.invoke0(Native Method)
	at sun.reflect.NativeMethodAccessorImpl.invoke(NativeMethodAccessorImpl.java:62)
	at sun.reflect.DelegatingMethodAccessorImpl.invoke(DelegatingMethodAccessorImpl.java:43)
	at java.lang.reflect.Method.invoke(Method.java:498)
	at junit.framework.TestCase.runTest(TestCase.java:176)
	at com.nomagic.magicdraw.tests.NamedTestCase.runTest(NamedTestCase.java:72)
	at com.nomagic.magicdraw.tests.MagicDrawTestCase.doRunTest(MagicDrawTestCase.java:681)
	at com.nomagic.magicdraw.tests.MagicDrawTestCase.doRunAndCheckFailure(MagicDrawTestCase.java:664)
	at com.nomagic.magicdraw.tests.MagicDrawTestCase.access$100(MagicDrawTestCase.java:40)
	at com.nomagic.magicdraw.tests.MagicDrawTestCase$3.run(MagicDrawTestCase.java:640)
	at java.awt.event.InvocationEvent.dispatch(InvocationEvent.java:301)
	at java.awt.EventQueue.dispatchEventImpl(EventQueue.java:756)
	at java.awt.EventQueue.access$500(EventQueue.java:97)
	at java.awt.EventQueue$3.run(EventQueue.java:709)
	at java.awt.EventQueue$3.run(EventQueue.java:703)
	at java.security.AccessController.doPrivileged(Native Method)
	at java.security.ProtectionDomain$JavaSecurityAccessImpl.doIntersectionPrivilege(ProtectionDomain.java:76)
	at java.awt.EventQueue.dispatchEvent(EventQueue.java:726)
	at java.awt.EventDispatchThread.pumpOneEventForFilters(EventDispatchThread.java:201)
	at java.awt.EventDispatchThread.pumpEventsForFilter(EventDispatchThread.java:116)
	at java.awt.EventDispatchThread.pumpEventsForHierarchy(EventDispatchThread.java:105)
	at java.awt.EventDispatchThread.pumpEvents(EventDispatchThread.java:101)
	at java.awt.EventDispatchThread.pumpEvents(EventDispatchThread.java:93)
	at java.awt.EventDispatchThread.run(EventDispatchThread.java:82)
